$ vite build --config vite.config.ts
vite v7.3.3 building client environment for production...
transforming...
✓ 2660 modules transformed.
rendering chunks...
computing gzip size...
dist/public/index.html                                          1.46 kB │ gzip:   0.56 kB
dist/public/assets/index-Bv-Q0yuC.css                         191.62 kB │ gzip:  35.29 kB
dist/public/assets/coerce-DPIYDOCU.js                           0.09 kB │ gzip:   0.10 kB
dist/public/assets/index-cw-1XfV_.js                            0.11 kB │ gzip:   0.11 kB
dist/public/assets/web-BtWpm-Bn.js                              0.12 kB │ gzip:   0.13 kB
dist/public/assets/chevron-left-qLNjETEj.js                     0.13 kB │ gzip:   0.14 kB
dist/public/assets/clock-B4YBNfCB.js                            0.17 kB │ gzip:   0.17 kB
dist/public/assets/arrow-right-D71VRZw4.js                      0.17 kB │ gzip:   0.16 kB
dist/public/assets/circle-check-BL97tONT.js                     0.17 kB │ gzip:   0.17 kB
dist/public/assets/power-ChEWg2Ax.js                            0.17 kB │ gzip:   0.17 kB
dist/public/assets/trending-up-C7p-CzQ7.js                      0.18 kB │ gzip:   0.17 kB
dist/public/assets/user-round-C8Y2KH_x.js                       0.18 kB │ gzip:   0.17 kB
dist/public/assets/info-Ds0x8KJU.js                             0.20 kB │ gzip:   0.18 kB
dist/public/assets/rotate-ccw-Dcuxg0Ma.js                       0.20 kB │ gzip:   0.18 kB
dist/public/assets/credit-card-C9XrA7Ue.js                      0.21 kB │ gzip:   0.19 kB
dist/public/assets/upload-C5Psn-4X.js                           0.23 kB │ gzip:   0.19 kB
dist/public/assets/index-D9zBkHBd.js                            0.23 kB │ gzip:   0.17 kB
dist/public/assets/circle-question-mark-Bnq6RZ-1.js             0.24 kB │ gzip:   0.21 kB
dist/public/assets/eye-Bmkkn-g3.js                              0.25 kB │ gzip:   0.20 kB
dist/public/assets/lock-keyhole-BSKWIeXP.js                     0.26 kB │ gzip:   0.22 kB
dist/public/assets/triangle-alert-E1Z4aVna.js                   0.27 kB │ gzip:   0.22 kB
dist/public/assets/pencil-Dwl6z0VK.js                           0.28 kB │ gzip:   0.23 kB
dist/public/assets/send-BumcMizK.js                             0.29 kB │ gzip:   0.23 kB
dist/public/assets/index-BIZJlhA2.js                            0.32 kB │ gzip:   0.24 kB
dist/public/assets/save-B4G8-fq_.js                             0.33 kB │ gzip:   0.23 kB
dist/public/assets/trash-2-Dx0DdlWK.js                          0.33 kB │ gzip:   0.22 kB
dist/public/assets/skeleton-BX7AXWo-.js                         0.33 kB │ gzip:   0.27 kB
dist/public/assets/file-text-Bc0RYkiQ.js                        0.33 kB │ gzip:   0.22 kB
dist/public/assets/index-Colz7qx5.js                            0.34 kB │ gzip:   0.24 kB
dist/public/assets/megaphone-B-6hkQON.js                        0.35 kB │ gzip:   0.24 kB
dist/public/assets/index-B8vANSGh.js                            0.35 kB │ gzip:   0.24 kB
dist/public/assets/index-BJQngJHf.js                            0.36 kB │ gzip:   0.24 kB
dist/public/assets/index-YTIBzz0S.js                            0.36 kB │ gzip:   0.24 kB
dist/public/assets/badge-percent-BnjBPv-2.js                    0.39 kB │ gzip:   0.24 kB
dist/public/assets/earth-BsBDbhh_.js                            0.39 kB │ gzip:   0.27 kB
dist/public/assets/eye-off-B_8qapE8.js                          0.43 kB │ gzip:   0.27 kB
dist/public/assets/image-upload-z6CF5imX.js                     0.47 kB │ gzip:   0.36 kB
dist/public/assets/star-CbIb5LN6.js                             0.47 kB │ gzip:   0.29 kB
dist/public/assets/package-search-CjPN6HFX.js                   0.49 kB │ gzip:   0.32 kB
dist/public/assets/sparkles-BRwX2D5q.js                         0.50 kB │ gzip:   0.28 kB
dist/public/assets/image-fQGNPJNn.js                            0.52 kB │ gzip:   0.30 kB
dist/public/assets/textarea-DGyGoM-X.js                         0.61 kB │ gzip:   0.41 kB
dist/public/assets/DateTextInput-BsPyBnTV.js                    0.81 kB │ gzip:   0.52 kB
dist/public/assets/separator--FEVjD9M.js                        0.83 kB │ gzip:   0.50 kB
dist/public/assets/web-B3qzekzj.js                              0.84 kB │ gzip:   0.40 kB
dist/public/assets/useInfiniteQuery-P0YU12Mh.js                 1.12 kB │ gzip:   0.47 kB
dist/public/assets/web-DSIuc43p.js                              1.15 kB │ gzip:   0.55 kB
dist/public/assets/web-fSSbk_j4.js                              1.25 kB │ gzip:   0.59 kB
dist/public/assets/zod-DJ-ZB65Q.js                              1.60 kB │ gzip:   0.79 kB
dist/public/assets/not-found-k96D58un.js                        1.85 kB │ gzip:   0.59 kB
dist/public/assets/card-8muhxPsp.js                             1.90 kB │ gzip:   0.48 kB
dist/public/assets/error-message-B3SJfJ_-.js                    1.97 kB │ gzip:   0.84 kB
dist/public/assets/switch-DDtjndW2.js                           2.80 kB │ gzip:   1.34 kB
dist/public/assets/WalletSummaryCard-BND6CmL6.js                3.87 kB │ gzip:   0.99 kB
dist/public/assets/Language-BYNXIEc_.js                         4.18 kB │ gzip:   1.06 kB
dist/public/assets/DeliveryPartnerOffers-YvKL5R1_.js            4.71 kB │ gzip:   1.09 kB
dist/public/assets/Notifications-BAdgNeGm.js                    6.61 kB │ gzip:   1.58 kB
dist/public/assets/Coupons-DFcCIOFM.js                          6.88 kB │ gzip:   1.63 kB
dist/public/assets/Wishlist-Dp7FBqV-.js                         7.39 kB │ gzip:   1.53 kB
dist/public/assets/OrderConfirmation-BZT32v0m.js                7.92 kB │ gzip:   1.32 kB
dist/public/assets/index-D8gQjEOS.js                            8.12 kB │ gzip:   3.31 kB
dist/public/assets/Store-HodmZz6T.js                            8.80 kB │ gzip:   1.71 kB
dist/public/assets/Orders-C_3a_G2e.js                           8.81 kB │ gzip:   1.97 kB
dist/public/assets/AdminIncentives-DGfwMxQQ.js                 11.18 kB │ gzip:   2.05 kB
dist/public/assets/PrivacySettings-BLaqps6L.js                 12.24 kB │ gzip:   2.54 kB
dist/public/assets/Track-DjS3GhvV.js                           13.03 kB │ gzip:   2.37 kB
dist/public/assets/VendorStock-Desrzobz.js                     13.83 kB │ gzip:   3.05 kB
dist/public/assets/AdminUsers-08FhVoqF.js                      13.91 kB │ gzip:   2.85 kB
dist/public/assets/IndiaLocationSelects-D67rL6Bh.js            14.10 kB │ gzip:   5.29 kB
dist/public/assets/AdminStores-Dg_4C7xI.js                     14.32 kB │ gzip:   2.73 kB
dist/public/assets/Returns-DbY3TWiD.js                         15.14 kB │ gzip:   2.85 kB
dist/public/assets/FindOrder-De3VM6RK.js                       15.45 kB │ gzip:   3.32 kB
dist/public/assets/VendorDashboard-COfCW05C.js                 15.87 kB │ gzip:   2.63 kB
dist/public/assets/ProductCard-BE0NwdUN.js                     16.64 kB │ gzip:   3.73 kB
dist/public/assets/Profile-mfBbmjCV.js                         18.75 kB │ gzip:   3.96 kB
dist/public/assets/Cart-CP5MpCRn.js                            18.84 kB │ gzip:   3.19 kB
dist/public/assets/AdminDashboard-DEq6HCmS.js                  20.38 kB │ gzip:   3.35 kB
dist/public/assets/VendorStore-JKlL_Shh.js                     21.53 kB │ gzip:   3.73 kB
dist/public/assets/Register-Ca1TrD-n.js                        21.77 kB │ gzip:   4.42 kB
dist/public/assets/HelpSupport-BY76z7q-.js                     21.78 kB │ gzip:   5.09 kB
dist/public/assets/AdminCoupons-B4M_CpQP.js                    23.12 kB │ gzip:   3.85 kB
dist/public/assets/OrderDetail-DF-sarAR.js                     23.22 kB │ gzip:   3.96 kB
dist/public/assets/AdminZones-DFJq_Znp.js                      23.55 kB │ gzip:   4.34 kB
dist/public/assets/select-C_QSJFiN.js                          23.84 kB │ gzip:   7.55 kB
dist/public/assets/DeliveryPartnerRegistration-DVCm3bnK.js     29.49 kB │ gzip:   6.34 kB
dist/public/assets/Addresses-CDTT2Tz6.js                       30.00 kB │ gzip:   5.03 kB
dist/public/assets/Login-CL6F5zDb.js                           30.38 kB │ gzip:   6.56 kB
dist/public/assets/Search-CguYbAXi.js                          32.92 kB │ gzip:   6.39 kB
dist/public/assets/Checkout-K3Z6oNNO.js                        33.63 kB │ gzip:   6.60 kB
dist/public/assets/AdminApprovals-orAaYc92.js                  33.90 kB │ gzip:   4.86 kB
dist/public/assets/AdminHomepage-Q_B-kWVk.js                   35.33 kB │ gzip:   5.42 kB
dist/public/assets/SellerRegister-QOYHmpff.js                  36.08 kB │ gzip:   7.09 kB
dist/public/assets/Home-DVvV02iG.js                            36.75 kB │ gzip:   6.43 kB
dist/public/assets/AdminOrders-CxAVWD1r.js                     39.27 kB │ gzip:   6.13 kB
dist/public/assets/VendorOrders-D1eg_S2q.js                    42.12 kB │ gzip:   8.39 kB
dist/public/assets/AdminCatalog-BjfTS4bv.js                    45.61 kB │ gzip:   7.66 kB
dist/public/assets/Wallet-CVaDTCxc.js                          51.65 kB │ gzip:   6.98 kB
dist/public/assets/LiveDeliveryMap-0pnxb5lK.js                 60.02 kB │ gzip:  18.69 kB
dist/public/assets/ProductDetail-D4gKYVj8.js                   62.54 kB │ gzip:  10.02 kB
dist/public/assets/schemas-z1suRqbZ.js                         73.43 kB │ gzip:  22.22 kB
dist/public/assets/VendorProducts-U9035j1C.js                  86.54 kB │ gzip:  13.86 kB
dist/public/assets/DeliveryDashboard-CgryA930.js              498.75 kB │ gzip: 127.08 kB
dist/public/assets/index-D_5fHqs3.js                        1,121.80 kB │ gzip: 311.25 kB
✓ built in 52.75s
